/greet.v1.GreetService/Greet	destination=tolo-testbackend	anonymous=false	external=tenant_access	service=false	scopes=greeting.read	introspection=false
/greet.v1.GreetService/Ping	destination=tolo-testbackend	anonymous=true	external=-	service=false	scopes=-	introspection=false
/tolo.relation.v1.RelationAdminService/AddTenantMember	destination=tolo-tenant-management	anonymous=false	external=tenant_access	service=false	scopes=tenant.write	introspection=true
/tolo.relation.v1.RelationAdminService/ChangeTenantRole	destination=tolo-tenant-management	anonymous=false	external=tenant_access	service=false	scopes=tenant.write	introspection=true
/tolo.relation.v1.RelationAdminService/GrantEventRole	destination=tolo-tenant-management	anonymous=false	external=tenant_access	service=false	scopes=tenant.write	introspection=true
/tolo.relation.v1.RelationAdminService/ListMemberships	destination=tolo-tenant-management	anonymous=false	external=tenant_access	service=false	scopes=tenant.read	introspection=false
/tolo.relation.v1.RelationAdminService/RevokeRole	destination=tolo-tenant-management	anonymous=false	external=tenant_access	service=false	scopes=tenant.write	introspection=true
/tolo.tenant.v1.TenantService/ArchiveTenant	destination=tolo-tenant-management	anonymous=false	external=tenant_access	service=false	scopes=tenant.write	introspection=true
/tolo.tenant.v1.TenantService/AssignEventType	destination=tolo-tenant-management	anonymous=false	external=tenant_access	service=false	scopes=events.manage	introspection=false
/tolo.tenant.v1.TenantService/ChangeTenantContract	destination=tolo-tenant-management	anonymous=false	external=tenant_access	service=false	scopes=tenant.write	introspection=true
/tolo.tenant.v1.TenantService/ClaimTenantOwnership	destination=tolo-tenant-management	anonymous=false	external=registration	service=false	scopes=tenant.claim	introspection=false
/tolo.tenant.v1.TenantService/CreateEvent	destination=tolo-tenant-management	anonymous=false	external=tenant_access	service=false	scopes=events.manage	introspection=false
/tolo.tenant.v1.TenantService/GetEvent	destination=tolo-tenant-management	anonymous=false	external=-	service=true	scopes=-	introspection=false
/tolo.tenant.v1.TenantService/GetObservationSettings	destination=tolo-tenant-management	anonymous=false	external=-	service=true	scopes=-	introspection=false
/tolo.tenant.v1.TenantService/ListEvents	destination=tolo-tenant-management	anonymous=false	external=tenant_access	service=false	scopes=events.read	introspection=false
/tolo.tenant.v1.TenantService/StartTenantRegistration	destination=tolo-tenant-management	anonymous=true	external=-	service=false	scopes=-	introspection=false
/tolo.tenant.v1.TenantService/TransitionEventStatus	destination=tolo-tenant-management	anonymous=false	external=tenant_access	service=false	scopes=events.manage	introspection=false
/tolo.tenant.v1.TenantService/UpdateObservationSettings	destination=tolo-tenant-management	anonymous=false	external=tenant_access	service=false	scopes=events.manage	introspection=false
